
DHRUVLAB4-181+Administrator@DHRUVLAB4-181 MINGW32 /d/python/Git (master)
$ git init
Reinitialized existing Git repository in D:/python/Git/.git/

DHRUVLAB4-181+Administrator@DHRUVLAB4-181 MINGW32 /d/python/Git (master)
$ git status
On branch master
Untracked files:
  (use "git add <file>..." to include in what will be committed)

        ifelse.py

nothing added to commit but untracked files present (use "git add" to track)

DHRUVLAB4-181+Administrator@DHRUVLAB4-181 MINGW32 /d/python/Git (master)
$ ls
ifelse.py  README.md

DHRUVLAB4-181+Administrator@DHRUVLAB4-181 MINGW32 /d/python/Git (master)
$ git status
On branch master
Untracked files:
  (use "git add <file>..." to include in what will be committed)

        ifelse.py

nothing added to commit but untracked files present (use "git add" to track)

DHRUVLAB4-181+Administrator@DHRUVLAB4-181 MINGW32 /d/python/Git (master)
$ git add README.md

DHRUVLAB4-181+Administrator@DHRUVLAB4-181 MINGW32 /d/python/Git (master)
$ git status
On branch master
Untracked files:
  (use "git add <file>..." to include in what will be committed)

        ifelse.py

nothing added to commit but untracked files present (use "git add" to track)

DHRUVLAB4-181+Administrator@DHRUVLAB4-181 MINGW32 /d/python/Git (master)
$ git remote add Git https://github.com/TejasDharwadkar
fatal: remote Git already exists.

DHRUVLAB4-181+Administrator@DHRUVLAB4-181 MINGW32 /d/python/Git (master)
$ git push --set-upstream Git
remote: Not Found
fatal: repository 'https://github.com/TejasDharwadkar/' not found

DHRUVLAB4-181+Administrator@DHRUVLAB4-181 MINGW32 /d/python/Git (master)
$ git remote add origin https://github.com/TejasDharwadkar
fatal: remote origin already exists.

DHRUVLAB4-181+Administrator@DHRUVLAB4-181 MINGW32 /d/python/Git (master)
$ git push --set-upstream Git
remote: Not Found
fatal: repository 'https://github.com/TejasDharwadkar/' not found

DHRUVLAB4-181+Administrator@DHRUVLAB4-181 MINGW32 /d/python/Git (master)
$ git push --set-upstream origin master
Username for 'https://github.com': TejasDharwadkar
remote: Repository not found.
fatal: repository 'https://github.com/YOUR-USERNAME/YOUR-REPOSITORY.git/' not found

DHRUVLAB4-181+Administrator@DHRUVLAB4-181 MINGW32 /d/python/Git (master)
$ git push --set-upstream origin master
Username for 'https://github.com':  tejasdharwadkar
remote: Invalid username or password.
fatal: Authentication failed for 'https://github.com/YOUR-USERNAME/YOUR-REPOSITORY.git/'

DHRUVLAB4-181+Administrator@DHRUVLAB4-181 MINGW32 /d/python/Git (master)
$ git push --set-upstream origin master
Username for 'https://github.com': TejasDharwadkar
remote: Repository not found.
fatal: repository 'https://github.com/YOUR-USERNAME/YOUR-REPOSITORY.git/' not found

DHRUVLAB4-181+Administrator@DHRUVLAB4-181 MINGW32 /d/python/Git (master)
$ git remote
Git
origin

DHRUVLAB4-181+Administrator@DHRUVLAB4-181 MINGW32 /d/python/Git (master)
$ git remote remove origin

DHRUVLAB4-181+Administrator@DHRUVLAB4-181 MINGW32 /d/python/Git (master)
$ git remote add origin https://github.com/TejasDharwadkar

DHRUVLAB4-181+Administrator@DHRUVLAB4-181 MINGW32 /d/python/Git (master)
$ git push --set-upstream origin master
remote: Not Found
fatal: repository 'https://github.com/TejasDharwadkar/' not found

DHRUVLAB4-181+Administrator@DHRUVLAB4-181 MINGW32 /d/python/Git (master)
$ git remote
Git
origin

DHRUVLAB4-181+Administrator@DHRUVLAB4-181 MINGW32 /d/python/Git (master)
$ git remove Git
git: 'remove' is not a git command. See 'git --help'.

The most similar command is
        remote

DHRUVLAB4-181+Administrator@DHRUVLAB4-181 MINGW32 /d/python/Git (master)
$ git remote remove origin

DHRUVLAB4-181+Administrator@DHRUVLAB4-181 MINGW32 /d/python/Git (master)
$ git remote remove Git

DHRUVLAB4-181+Administrator@DHRUVLAB4-181 MINGW32 /d/python/Git (master)
$ git remote

DHRUVLAB4-181+Administrator@DHRUVLAB4-181 MINGW32 /d/python/Git (master)
$ git remote add origin https://github.com/TejasDharwadkar/Pythonsprograms.git

DHRUVLAB4-181+Administrator@DHRUVLAB4-181 MINGW32 /d/python/Git (master)
$ git remote
origin

DHRUVLAB4-181+Administrator@DHRUVLAB4-181 MINGW32 /d/python/Git (master)
$ git push --set-upstream origin master
Username for 'https://github.com': TejasDharwadkar
remote: Invalid username or password.
fatal: Authentication failed for 'https://github.com/TejasDharwadkar/Pythonsprograms.git/'

DHRUVLAB4-181+Administrator@DHRUVLAB4-181 MINGW32 /d/python/Git (master)
$ git push --set-upstream origin master
Username for 'https://github.com': TejasDharwadkar
Enumerating objects: 3, done.
Counting objects: 100% (3/3), done.
Writing objects: 100% (3/3), 277 bytes | 277.00 KiB/s, done.
Total 3 (delta 0), reused 0 (delta 0)
To https://github.com/TejasDharwadkar/Pythonsprograms.git
 * [new branch]      master -> master
Branch 'master' set up to track remote branch 'master' from 'origin'.

DHRUVLAB4-181+Administrator@DHRUVLAB4-181 MINGW32 /d/python/Git (master)
$

